
> vasquez-law-website@1.0.0 build
> prisma generate && next build

Environment variables loaded from .env
Prisma schema loaded from prisma/schema.prisma

✔ Generated Prisma Client (v5.22.0) to ./node_modules/@prisma/client in 98ms

Start by importing your Prisma Client (See: https://pris.ly/d/importing-client)

Tip: Want to react to database changes in your app as they happen? Discover how with Pulse: https://pris.ly/tip-1-pulse

  ▲ Next.js 14.2.30
  - Environments: .env.production.local, .env.local, .env.production, .env

   Creating an optimized production build ...
 ⚠ Compiled with warnings

./node_modules/handlebars/lib/index.js
require.extensions is not supported by webpack. Use a loader instead.

Import trace for requested module:
./node_modules/handlebars/lib/index.js
./src/services/email/index.ts
./src/app/api/email/send/route.ts

./node_modules/handlebars/lib/index.js
require.extensions is not supported by webpack. Use a loader instead.

Import trace for requested module:
./node_modules/handlebars/lib/index.js
./src/services/email/index.ts
./src/app/api/email/send/route.ts

./node_modules/handlebars/lib/index.js
require.extensions is not supported by webpack. Use a loader instead.

Import trace for requested module:
./node_modules/handlebars/lib/index.js
./src/services/email/index.ts
./src/app/api/email/send/route.ts

 ✓ Compiled successfully
   Skipping linting
   Checking validity of types ...
Failed to compile.

./src/services/twilio/index.ts:479:27
Type error: 'appointment' is of type 'unknown'.

[0m [90m 477 |[39m   [90m// Format appointment reminder message[39m[0m
[0m [90m 478 |[39m   [36mprivate[39m formatAppointmentReminder(appointment[33m:[39m unknown)[33m:[39m string {[0m
[0m[31m[1m>[22m[39m[90m 479 |[39m     [36mconst[39m date [33m=[39m [36mnew[39m [33mDate[39m(appointment[33m.[39mdate)[33m;[39m[0m
[0m [90m     |[39m                           [31m[1m^[22m[39m[0m
[0m [90m 480 |[39m     [36mconst[39m formattedDate [33m=[39m date[33m.[39mtoLocaleDateString([32m'en-US'[39m[33m,[39m {[0m
[0m [90m 481 |[39m       weekday[33m:[39m [32m'long'[39m[33m,[39m[0m
[0m [90m 482 |[39m       month[33m:[39m [32m'long'[39m[33m,[39m[0m
Next.js build worker exited with code: 1 and signal: null
